derived h exponent, physical smooth-band error: 2
PASS [P251-0219-action-window] the SAME explicit diagonal makes physical smooth-band error vanish
derived h exponent, full cubic action remainder: 4
PASS [P251-0219-action-window] the SAME explicit diagonal makes full cubic action remainder vanish
derived h exponent, control energy second jet: 1
PASS [P251-0219-action-window] the SAME explicit diagonal makes control energy second jet vanish
derived h exponent, first-gradient physical return: 1/2
PASS [P251-0219-action-window] the SAME explicit diagonal makes first-gradient physical return vanish
derived h exponent, control phase second jet: 5
PASS [P251-0219-action-window] the SAME explicit diagonal makes control phase second jet vanish
derived h exponent, macro-scaled prepared velocity H4: 5/2
PASS [P251-0219-action-window] the SAME explicit diagonal makes macro-scaled prepared velocity H4 vanish
PASS [P251-0219-action-window] the common-laboratory-K Haar contraction gives both physical curvatures
PASS [P251-0219-action-window] both derived optical curvatures are strictly positive
PASS [P251-0219-action-window] the canonical physical chart retains the genuinely matched spin inertia
PASS [P251-0219-action-window] the limiting prepared action has no concealed time connection
PASS [P251-0219-action-window] subtracting the full gradient mass leaves the positive curvature numerator
Traceback (most recent call last):
  File "/tmp/pr199-completion/proposals/P251-cosserat-from-vortex-euler/attempts/0219/verify_action_window.py", line 54, in <module>
    raise SystemExit(main())
                     ^^^^^^
  File "/tmp/pr199-completion/proposals/P251-cosserat-from-vortex-euler/attempts/0219/verify_action_window.py", line 49, in main
    checks.check("dropping gradient inertia would leave a false stiffness contribution", sp.expand(actual_stiffness-nu**2*inertia).coeff(k,2)-inertia*expected_t == nu**2*gradient_mass)
  File "/tmp/pr199-completion/src/substrate_framework/verification.py", line 52, in check
    raise CheckFailure(f"FAIL [{self.claim_id}] {name}{suffix}")
substrate_framework.verification.CheckFailure: FAIL [P251-0219-action-window] dropping gradient inertia would leave a false stiffness contribution
