PASS [P251-0136-shaped-forcefree-core] derived axial velocity supplies the azimuthal force-free equation
PASS [P251-0136-shaped-forcefree-core] the axial curl supplies the same nonconstant factor
PASS [P251-0136-shaped-forcefree-core] full force-free pressure equals the centrifugal Euler pressure
PASS [P251-0136-shaped-forcefree-core] integrated axial deficit follows from the swirl rather than a fitted constant
PASS [P251-0136-shaped-forcefree-core] explicit smooth core vorticity is derived from circulation
PASS [P251-0136-shaped-forcefree-core] explicit axial square solves the full force-free ODE
PASS [P251-0136-shaped-forcefree-core] axis velocity and vorticity have regular nonzero limits
PASS [P251-0136-shaped-forcefree-core] the explicit core has a real positive axial floor under its stated hypothesis
PASS [P251-0136-shaped-forcefree-core] actual Galilean-frame axial correction is inverse-speed small
PASS [P251-0136-shaped-forcefree-core] an imposed constant axial velocity would not solve the shaped force-free equation
PASS [P251-0136-shaped-forcefree-core] actual toroidal velocity is fully divergence free
PASS [P251-0136-shaped-forcefree-core] toroidal curl component 0 has the derived common factor
PASS [P251-0136-shaped-forcefree-core] toroidal curl component 1 has the derived common factor
PASS [P251-0136-shaped-forcefree-core] toroidal curl component 2 has the derived common factor
PASS [P251-0136-shaped-forcefree-core] the complete toroidal Euler pressure and all convective terms balance
PASS [P251-0136-shaped-forcefree-core] the constructed torus surface is an exact material surface
PASS [P251-0136-shaped-forcefree-core] Dirichlet angular-sector ground-state identity retains its boundary derivative
PASS [P251-0136-shaped-forcefree-core] the only radial zero-mode candidate is harmonic outside the core
PASS [P251-0136-shaped-forcefree-core] actual outer-section rotation has nonzero flux-action twist
PASS [P251-0136-shaped-forcefree-core] the shaped squared-velocity deficit is independent of the free throughflow speed
PASS [P251-0136-shaped-forcefree-core] global periodic Bernoulli lift satisfies the full force-free equation
PASS [P251-0136-shaped-forcefree-core] the full pressure has exactly constant Bernoulli after the lift
PASS [P251-0136-shaped-forcefree-core] the planar lift really needs its nonconstant axial flow
PASS [P251-0136-shaped-forcefree-core] full KKS contraction on the invariant planar orbit keeps precisely planar vorticity
Scope: exact shaped core/local torus/global planar lift; finite-time transfer is analytic;
global EPS embedding and a physical optical eigenmode are not asserted by these checks
ALL 24 CHECKS PASS [P251-0136-shaped-forcefree-core]
