N=6; prime=101; unknowns=252; equations=238
constraint modular rank=235; proved row-count upper bound=238
spin axis 0: augmented modular rank=236
spin axis 1: augmented modular rank=236
spin axis 2: augmented modular rank=236
all-spin augmented modular rank=238
SCOPE: unaugmented modular rank below row-count bound; no angular verdict from minors alone
PASS [P251/0085] universal top-jet left null vector 0 is exact
PASS [P251/0085] universal top-jet left null vector 1 is exact
PASS [P251/0085] universal top-jet left null vector 2 is exact
PASS [P251/0085] three universal independent output dependencies give rank upper235
PASS [P251/0085] a nonzero exact finite-field minor reaches the proven rank upper bound
PASS [P251/0085] physical spin axis 0 is outside the full constraint row space
PASS [P251/0085] physical spin axis 1 is outside the full constraint row space
PASS [P251/0085] physical spin axis 2 is outside the full constraint row space
PASS [P251/0085] all three physical spin rows are independently controllable
PASS [P251/0085] compact corrections keep the physical core angle and zero reaction angle
PASS [P251/0085] the physical coordinate spin is zero exactly
PASS [P251/0085] actual reaction spin equals the unchanged KKS pairing exactly
PASS [P251/0085] the compact KKS pair remains nonzero after physical moment matching
PASS [P251/0085] one-background physical spin retains its static angle response
PASS [P251/0085] time reversal cancels static spin only after actual reaction elimination
PASS [P251/0085] full paired action retains the exact positive Schur coefficients
ALL 16 CHECKS PASS [P251/0085]
