PASS [P251-0235-complete-affine-current] axis 0: the complete D velocity is the actual rigid rotation
PASS [P251-0235-complete-affine-current] axis 0: the actual translation return cancels the material-rate row
PASS [P251-0235-complete-affine-current] axis 0: raw lift plus actual C016 forcing retains both translation terms
PASS [P251-0235-complete-affine-current] axis 0: full pressure turns the rate source into a neutral translation
PASS [P251-0235-complete-affine-current] axis 1: the complete D velocity is the actual rigid rotation
PASS [P251-0235-complete-affine-current] axis 1: the actual translation return cancels the material-rate row
PASS [P251-0235-complete-affine-current] axis 1: raw lift plus actual C016 forcing retains both translation terms
PASS [P251-0235-complete-affine-current] axis 1: full pressure turns the rate source into a neutral translation
PASS [P251-0235-complete-affine-current] axis 2: the complete D velocity is the actual rigid rotation
PASS [P251-0235-complete-affine-current] axis 2: the actual translation return cancels the material-rate row
PASS [P251-0235-complete-affine-current] axis 2: raw lift plus actual C016 forcing retains both translation terms
PASS [P251-0235-complete-affine-current] axis 2: full pressure turns the rate source into a neutral translation
PASS [P251-0235-complete-affine-current] all three actual C016 passive-return antisymmetric contractions vanish
PASS [P251-0235-complete-affine-current] axis 0: full affine velocity and pressure solve linear Euler exactly
PASS [P251-0235-complete-affine-current] axis 1: full affine velocity and pressure solve linear Euler exactly
PASS [P251-0235-complete-affine-current] axis 2: full affine velocity and pressure solve linear Euler exactly
PASS [P251-0235-complete-affine-current] full moved-boundary spin trace equals the defining pressure-virial row
PASS [P251-0235-complete-affine-current] discarding the translation pressure produces a nonzero full Euler residual
PASS [P251-0235-complete-affine-current] the actual tag divergence relates the response weight to axial shear variance
PASS [P251-0235-complete-affine-current] the independently reduced correlation trace retains the positive shear second row
PASS [P251-0235-complete-affine-current] a constant physical b-return cannot cancel the finite-cut shear curvature
PASS [P251-0235-complete-affine-current] the axial passive material source retains both displacement and velocity spin terms
PASS [P251-0235-complete-affine-current] renaming the passive displacement dipole derivative loses an actual velocity row
ALL 23 CHECKS PASS [P251-0235-complete-affine-current]
