PASS [P251-0151-whole-field-one-wave-second-jet] the two genuine initial phases give the same observed force
PASS [P251-0151-whole-field-one-wave-second-jet] the physical SH coefficient follows from covariance contraction
PASS [P251-0151-whole-field-one-wave-second-jet] the full-pressure SV coefficient retains its negative sector
PASS [P251-0151-whole-field-one-wave-second-jet] the circular field is actual constant-pressure stationary Euler
PASS [P251-0151-whole-field-one-wave-second-jet] canonical full Euler oblique SH Kelvin force matches the derived matrix
PASS [P251-0151-whole-field-one-wave-second-jet] canonical full Euler oblique SH common-V phase matches independently
PASS [P251-0151-whole-field-one-wave-second-jet] canonical next-time SH mean derivative has no missed second spatial term
PASS [P251-0151-whole-field-one-wave-second-jet] canonical full Euler oblique SV Kelvin force matches the derived matrix
PASS [P251-0151-whole-field-one-wave-second-jet] canonical full Euler oblique SV common-V phase matches independently
PASS [P251-0151-whole-field-one-wave-second-jet] canonical next-time SV mean derivative has no missed second spatial term
PASS [P251-0151-whole-field-one-wave-second-jet] whole-field Haar integration yields positive 2/15 of actual energy
PASS [P251-0151-whole-field-one-wave-second-jet] orientation response variance is nonzero and positive
Derived orientation second moment: 136*c**2/315
Derived orientation variance: 568*c**2/1575
PASS [P251-0151-whole-field-one-wave-second-jet] the earlier perpendicular unstable branch is retained
PASS [P251-0151-whole-field-one-wave-second-jet] small insertion satisfies the exact Beltrami and Euler equations
PASS [P251-0151-whole-field-one-wave-second-jet] the transverse first integral and actual axial speed agree
PASS [P251-0151-whole-field-one-wave-second-jet] the periodic core has a genuine elliptic transverse linearization
PASS [P251-0151-whole-field-one-wave-second-jet] the Birkhoff coefficient is derived from the actual Taylor Hamiltonian
PASS [P251-0151-whole-field-one-wave-second-jet] the return-map twist includes the varying actual axial speed
Derived periodic-core twist: -(d**2 - 6*d + 1)/(8*sqrt(d)*(d + 1)**2)
Scope: actual fixed-time second jet, full retained action, periodic elliptic tube;
not acoustic-time homogenization or a completed EPS/optical action join.
ALL 18 CHECKS PASS [P251-0151-whole-field-one-wave-second-jet]
