PASS [P251-0196-current] common-V source follows the full Leray derivative for the same curl lift
actual aggregate beta_d= {(0, -1, 0): B/10, (0, 1, 0): B/10, (0, 0, -1): -A/10, (0, 0, 1): -A/10}
actual aggregate beta_e= {}
actual axial-plus-vorticity source r_b= {(0, 0, -1): -A*Dx*kx/2 - I*A*Dx*ky/2 - I*A*Dy*kx/2 + A*Dy*ky/2, (0, -1, 0): -B*Dx*kx/2 + I*B*Dx*kz/2 + I*B*Dz*kx/2 + B*Dz*kz/2, (0, 0, 1): -A*Dx*kx/2 + I*A*Dx*ky/2 + I*A*Dy*kx/2 + A*Dy*ky/2, (0, 1, 0): -B*Dx*kx/2 - I*B*Dx*kz/2 - I*B*Dz*kx/2 + B*Dz*kz/2}
PASS [P251-0196-current] the physical velocity source remains mean-zero solenoidal
PASS [P251-0196-current] the actual planar source is completely in the first Fourier shell
PASS [P251-0196-current] the known whole-law strain normalization is retained
complete passive-current forcing covariance on cosY,cosZ,sinY,sinZ= Matrix([[-B**2/5, -A*B/5, 0, 0], [-A*B/5, -A**2/5, 0, 0], [0, 0, -B**2/5, 0], [0, 0, 0, -A**2/5]])
PASS [P251-0196-current] the current covariance is derived from all actual field components
PASS [P251-0196-current] the aggregate planar V forcing is the actual alpha fifth
PASS [P251-0196-current] the complete passive response has the derived rank-three physical forcing
actual0188 correlated D first-shell d-weighted planar row= {(0, -1, 0): -B*tau/20 + B/20, (0, 1, 0): -B*tau/20 + B/20, (0, 0, -1): A*tau/20 - A/20, (0, 0, 1): A*tau/20 - A/20}
actual0188 correlated D first-shell e-weighted planar row= {(0, -1, 0): -B*tau/60 + B/120, (0, 1, 0): -B*tau/60 + B/120, (0, 0, -1): -A*tau/60 + A/120, (0, 0, 1): -A*tau/60 + A/120}
actual aggregate necessary psi Jordan moment= (A - B)*(A + B)*(tau + 1)/20
PASS [P251-0196-current] all correlated D returns are actual stationary helicity fields
PASS [P251-0196-current] the whole-law Jordan moment is an exact nonzero preparation defect
physical common-V initial slope without microscopic return= -2*(A**2 + B**2)/15
exact whole-law squared norm of the adjoint current derivative= 2*A**2*B**2/5
PASS [P251-0196-current] the common-V first derivative retains the actual universal bare slope
PASS [P251-0196-current] the adjoint current derivative genuinely vanishes at either one-wave endpoint
actual configuration-return DV phase density= {(0, 0, 1): -I*A/20, (0, 0, -1): I*A/20}
actual configuration-return V dot J density= {}
PASS [P251-0196-current] the passive correlated channel has the actual fifth normalization
PASS [P251-0196-current] the actual mean-velocity correction contributes no averaged VV energy
PASS [P251-0196-current] range D fields do not silently enter the passive phase matching row
ALL 14 CHECKS PASS [P251-0196-current]
