PASS [P251-0201-force-free-mode-and-section-current] full radial momentum including pressure
PASS [P251-0201-force-free-mode-and-section-current] full azimuthal momentum
PASS [P251-0201-force-free-mode-and-section-current] full axial momentum retains W prime
PASS [P251-0201-force-free-mode-and-section-current] full three-dimensional incompressibility
PASS [P251-0201-force-free-mode-and-section-current] omitting axial shear is exposed by actual Euler momentum
PASS [P251-0201-force-free-mode-and-section-current] axisymmetric pressure elimination is the stated Sturm equation
PASS [P251-0201-force-free-mode-and-section-current] actual displacement is divergence free, not only velocity
PASS [P251-0201-force-free-mode-and-section-current] actual exterior tail solves its full radial equation
PASS [P251-0201-force-free-mode-and-section-current] Hardy completion retains its exact boundary derivative
PASS [P251-0201-force-free-mode-and-section-current] failed zero/negative-phase trial has an exact positive form
PASS [P251-0201-force-free-mode-and-section-current] all-poloidal real-frequency energy identity
PASS [P251-0201-force-free-mode-and-section-current] exact Euclidean translation solves the entire radial system
PASS [P251-0201-force-free-mode-and-section-current] complete W-dependent translation first-order Wronskian cancels
PASS [P251-0201-force-free-mode-and-section-current] actual exterior derivative selects zero translation group speed
PASS [P251-0201-force-free-mode-and-section-current] translation derivative is sensitive to the exterior normalization
PASS [P251-0201-force-free-mode-and-section-current] full KKS reduces to a negative positive-weight kinetic form
PASS [P251-0201-force-free-mode-and-section-current] dropping W prime destroys the inherited KKS identity
PASS [P251-0201-force-free-mode-and-section-current] velocity and displacement KKS rows agree including poloidal vorticity
PASS [P251-0201-force-free-mode-and-section-current] literal material particle axial spin is exactly zero
PASS [P251-0201-force-free-mode-and-section-current] literal displacement moment has the radial shape correction
PASS [P251-0201-force-free-mode-and-section-current] Eulerian spin is the full displacement transport of particle momentum
PASS [P251-0201-force-free-mode-and-section-current] the section source integral equals the actual axial displacement flux
PASS [P251-0201-force-free-mode-and-section-current] conservative angular momentum includes all axial/radial returns
PASS [P251-0201-force-free-mode-and-section-current] actual painted quadrupole has a nonzero base
PASS [P251-0201-force-free-mode-and-section-current] radial marker transport changes the actual quadrupole magnitude
PASS [P251-0201-force-free-mode-and-section-current] actual angular integration gives the physical angle row
PASS [P251-0201-force-free-mode-and-section-current] physical angle has unit response to rigid rotation
PASS [P251-0201-force-free-mode-and-section-current] base marker obeys actual passive transport, including arbitrary axial W
PASS [P251-0201-force-free-mode-and-section-current] literal section spin has positive measured angle-rate overlap
PASS [P251-0201-force-free-mode-and-section-current] opposite spin sign is detected by physical time differentiation
Traceback (most recent call last):
  File "/tmp/pr199-completion/proposals/P251-cosserat-from-vortex-euler/attempts/0201/verify.py", line 161, in <module>
    raise SystemExit(main())
                     ^^^^^^
  File "/tmp/pr199-completion/proposals/P251-cosserat-from-vortex-euler/attempts/0201/verify.py", line 157, in main
    return checks.summary()
           ^^^^^^^^^^^^^^
AttributeError: 'CheckLedger' object has no attribute 'summary'
