PASS [P251-0233-first-curved-physical-matrix] first carrier displacement solves the complete leading Lin equation
PASS [P251-0233-first-curved-physical-matrix] retained axial shear cancels the apparent displacement divergence
PASS [P251-0233-first-curved-physical-matrix] full pressure gives the actual nonzero horizontal velocity divergence
PASS [P251-0233-first-curved-physical-matrix] the first velocity curl retains its resonant time forcing
PASS [P251-0233-first-curved-physical-matrix] dropping the small relative axial shear produces a real Lin error
PASS [P251-0233-first-curved-physical-matrix] direct toroidal current is B(f)-D(f), not both rows separately
three physical radial rows: Matrix([[-1, -2, -3], [1, 0, -3], [1, -1/2, -5/3]]) determinant: 17/3
PASS [P251-0233-first-curved-physical-matrix] actual three-bump tag matrix has a nonzero determinant
PASS [P251-0233-first-curved-physical-matrix] a Gaussian tag exposes why generic rank cannot be presumed
four axial-return rows: Matrix([[-1, -2, -3, -4], [1, -1/2, -5/3, -11/4], [1/2, -3, -15/2, -10], [0, 3, 10/3, 3/2]]) determinant: 37/2
PASS [P251-0233-first-curved-physical-matrix] actual axial-return matrix has four independent physical rows
PASS [P251-0233-first-curved-physical-matrix] compact pressure dilation identity retains its inverse source
PASS [P251-0233-first-curved-physical-matrix] computed axial-return rows cancel the full linear-time spin defect
PASS [P251-0233-first-curved-physical-matrix] the same actual matrix cancels both unwanted first-carrier time rows
PASS [P251-0233-first-curved-physical-matrix] constant spin current fixes the initial physical amplitude row
PASS [P251-0233-first-curved-physical-matrix] actual first-carrier energy has its full radial boundary cancellation
PASS [P251-0233-first-curved-physical-matrix] mixed Kelvin signature keeps the positive horizontal kinetic remainder
PASS [P251-0233-first-curved-physical-matrix] zero-energy return supplies its actual nonzero phase gap
PASS [P251-0233-first-curved-physical-matrix] zero-phase return supplies a separately adjustable energy
ALL 17 CHECKS PASS [P251-0233-first-curved-physical-matrix]
