[PASS] shot-reproduced R1=0.773724 R2=1.185225 T=4.08796 res=9.9e-11
[PASS] m1-neutral-dim dim=4
[PASS] m1-translate-in-neutral-x captured=1.0000
[PASS] m1-translate-in-neutral-y captured=1.0000
[PASS] m1-neutral-near-1 dim=4 min|rho-1|=1.67e-10
[PASS] m2-neutral-near-1 dim=4 min|rho-1|=4.13e-11
[PASS] m3-neutral-near-1 dim=4 min|rho-1|=7.54e-11
[PASS] m4-neutral-near-1 dim=4 min|rho-1|=8.81e-11
[PASS] m5-neutral-near-1 dim=4 min|rho-1|=5.67e-11
[PASS] m6-neutral-near-1 dim=4 min|rho-1|=1.53e-10
chart stations: 18 (t,R1,Z1',R2,Z2',Zcenter,nonaxisym)
  t= 0.0000 R1=0.773724 Z1'=+0.000000 R2=1.185225 Z2'=+0.000000 Zc=+0.000000 na=0.0e+00
  t= 1.0195 R1=1.000204 Z1'=+0.249997 R2=1.001499 Z2'=-0.249997 Zc=+0.580956 na=1.6e-15
  t= 2.0390 R1=1.185218 Z1'=+0.002345 R2=0.773735 Z2'=-0.002345 Zc=+1.161299 na=1.6e-15
  t= 3.0585 R1=1.002792 Z1'=-0.249987 R2=0.998907 Z2'=+0.249987 Zc=+1.742868 na=2.7e-15
  t= 4.0780 R1=0.773770 Z1'=-0.004691 R2=1.185195 Z2'=+0.004691 Zc=+2.322598 na=4.0e-15
[PASS] chart-closes-R dR1=-1.9e-13 dR2=9.2e-14
[PASS] chart-closes-shape Z1'=-4.9e-11 Z2'=4.9e-11
[PASS] pair-drift-quotiented lab Zc(T)=+2.3290 removed
[PASS] casimir-functional-absent grep: none -> WALL
WALL: energy-Casimir functional + discretization not in banked code; Hessian assembly (steps 3-5 of design) = 0071-repeat. Kinematic chart (steps 1-2) stands; C2 verdict open-pending-Hessian.

14 passed, 0 failed: ALL GREEN
