WORKFLOW VALID: 264 claims, 264 accepted, 12 proposals, 4 skills; MIGRATION QUEUE: 218 units, 0 pending, 0 partial
  All 1050 file(s) valid.
MEMORY VALIDATION WARNINGS: 43 (run 'memory validate /tmp/pr199-completion/memory' for details)
Skill is valid!
........................................................................ [  2%]
........................................................................ [  5%]
........................................................................ [  8%]
........................................................................ [ 11%]
........................................................................ [ 13%]
........................................................................ [ 16%]
........................................................................ [ 19%]
........................................................................ [ 22%]
........................................................................ [ 24%]
........................................................................ [ 27%]
........................................................................ [ 30%]
........................................................................ [ 33%]
........................................................................ [ 36%]
........................................................................ [ 38%]
........................................................................ [ 41%]
........................................................................ [ 44%]
........................................................................ [ 47%]
........................................................................ [ 49%]
........................................................................ [ 52%]
........................................................................ [ 55%]
........................................................................ [ 58%]
........................................................................ [ 60%]
........................................................................ [ 63%]
........................................................................ [ 66%]
........................................................................ [ 69%]
........................................................................ [ 72%]
........................................................................ [ 74%]
........................................................................ [ 77%]
........................................................................ [ 80%]
........................................................................ [ 83%]
........................................................................ [ 85%]
........................................................................ [ 88%]
........................................................................ [ 91%]
........................................................................ [ 94%]
........................................................................ [ 97%]
........................................................................ [ 99%]
.....                                                                    [100%]
2597 passed in 368.27s (0:06:08)
ALL REPOSITORY WORKFLOW CHECKS PASS (full pytest suite)
