PASS [P251-0188-stationary] unequal field is exact stationary Euler with full pressure
PASS [P251-0188-stationary] unequal field retains the actual curl eigenvalue
PASS [P251-0188-stationary] first-integral moment determinant exposes the unequal-field repair
PASS [P251-0188-stationary] solved actual forcing has zero first Fourier shell
PASS [P251-0188-stationary] full scalar inversion gives the explicit finite Fourier corrector
PASS [P251-0188-stationary] stationary planar transport equation is exact
PASS [P251-0188-stationary] the full three-component stationary Euler corrector includes axial pressure
PASS [P251-0188-stationary] the constructed microscopic correction is mean-zero solenoidal
PASS [P251-0188-stationary] equal amplitudes are an actual singular boundary, not a contradiction
PASS [P251-0188-stationary] actual projected tensor forcing includes its sixth moment
PASS [P251-0188-stationary] the actual tensor static stress retains the transverse projection
PASS [P251-0188-stationary] a finite signed body tensor preserves mean trace and cancels forcing
PASS [P251-0188-stationary] the projected unequal-field D comparison is genuinely restoring
actual stationary D energy coefficient h2= (720*eta**2 + 864*eta*xi + 432*eta*zeta - 720*eta + 720*xi**2 + 720*xi*zeta - 432*xi + 360*zeta**2 - 432*zeta + 2515)/720
actual restoring stress a= eta/2 + 3*xi/10 - 5/6
full energy mismatch h2-a= (720*eta**2 + 864*eta*xi + 432*eta*zeta - 1080*eta + 720*xi**2 + 720*xi*zeta - 648*xi + 360*zeta**2 - 432*zeta + 3115)/720
PASS [P251-0188-stationary] computed actual energy keeps quadratic preparation controls
PASS [P251-0188-stationary] general contrast formula reproduces independently assembled full energy
PASS [P251-0188-stationary] all stationary first-shell controls have an exact unique energy minimum
PASS [P251-0188-stationary] every unequal contrast retains a strict energy mismatch
necessary planar Jordan controls from psi and psi^3= {eta: (A**8 + 21*A**6*B**2 + 40*A**4*B**4 + 21*A**2*B**6 + B**8)/(8*A**6*B**2 - 16*A**4*B**4 + 8*A**2*B**6), xi: (A**6 + 20*A**4*B**2 + 20*A**2*B**4 + B**6)/(8*A**4*B**2 - 8*A**2*B**4)}
remaining psi^5 Jordan moment= 5*(A**8 - 8*A**6*B**2 - 80*A**4*B**4 - 8*A**2*B**6 + B**8)/(128*(A - B)*(A + B))
PASS [P251-0188-stationary] Jordan moment controls are derived from the actual transport first integrals
remaining psi^7 Jordan moment= 21*(A**2 + B**2)*(2*A**8 - 17*A**6*B**2 - 208*A**4*B**4 - 17*A**2*B**6 + 2*B**8)/(512*(A - B)*(A + B))
PASS [P251-0188-stationary] the polynomial stationary family has no full-field planar Jordan partner at any contrast
PASS [P251-0188-stationary] nonlinear axial first integral is an actual stationary Euler velocity return
PASS [P251-0188-stationary] the complete whole-law physical current of the nonlinear axial return vanishes
actual nonlinear axial-return h2= (720*eta**2 + 1620*eta*tau + 864*eta*xi + 432*eta*zeta - 720*eta + 11025*tau**2 + 3564*tau*xi + 3564*tau*zeta + 2565*tau + 720*xi**2 + 720*xi*zeta - 432*xi + 360*zeta**2 - 432*zeta + 2515)/720
nonlinear-return energy mismatch minimum= 395869/658656
nonlinear-return minimum mismatch at fixed actual restoring a= (439104*a_target**2 + 607712*a_target + 302987)/154272
PASS [P251-0188-stationary] the extended positive-response test retains an exact quadratic mismatch
DIRECT physical mean acceleration row at initial time= -(15*eta + 9*xi - 25)/30
actual projected current norm= 7/3
PASS [P251-0188-stationary] the declared restoring row agrees with the complete Euler/Lin initial observation
ALL 23 CHECKS PASS [P251-0188-stationary]
