PASS [P251-0209-moment-response] the full first-moment equation recovers the independently measured inertia
actual gradient-forcing constant theta row = pi*I*(5*Omega**4 + 20*Omega**3 + 22*Omega**2 + 20*Omega + 5)/(18*Omega**2*Q*(Omega**2 + 2*Omega + 1))
actual gradient-forcing constant G row = pi*I*rho*(-Omega**3 - 3*Omega**2 + 3*Omega + 1)/(8*Omega**2*(Omega + 1))
actual physical G-inertia*theta mismatch = pi*I*rho*(2*Omega**5 + 3*Omega**4 - Omega**3 + Omega**2 - 3*Omega - 2)/(24*Omega**2*(Omega**3 + 2*Omega**2 + 2*Omega + 1))
PASS [P251-0209-moment-response] the nonzero literal displacement-current mismatch is retained exactly
PASS [P251-0209-moment-response] common initial-angle normalization derives the stated gradient inertia
PASS [P251-0209-moment-response] gradient inertia is strictly positive without a floating-point sign test
PASS [P251-0209-moment-response] the complete linear-in-time forced first-moment response solves its defining equation
PASS [P251-0209-moment-response] the secular physical-angle coefficient is the positive actual clock derivative
PASS [P251-0209-moment-response] the full inverse-pressure angular moments give Kmat
PASS [P251-0209-moment-response] the actual pressure Hankel integral gives the physical radial moment
PASS [P251-0209-moment-response] the inverse-wave moment has the distinct stated profile dependence
PASS [P251-0209-moment-response] distinct actual radial widths give an invertible two-moment preparation
PASS [P251-0209-moment-response] the invisible radial inverse-Laplacian preparation has finite positive full phase norm
PASS [P251-0209-moment-response] positive fourfold phase law kills every nonresonant cubic time polynomial
PASS [P251-0209-moment-response] area preservation transports the full Kelvin Jq direction
PASS [P251-0209-moment-response] the inverse-wave secular integral solves the full first-K Euler equation
PASS [P251-0209-moment-response] the resulting second-order vorticity memory has the retained negative sign
PASS [P251-0209-moment-response] the actual resonant Jordan generator preserves the complete phase
PASS [P251-0209-moment-response] the full conserved energy retains the positive unobserved excess
PASS [P251-0209-moment-response] discarding the resonant displacement would lose an actual energy row
PASS [P251-0209-moment-response] the actual off-tag axial return supplies negative full energy with zero self phase
PASS [P251-0209-moment-response] two orthogonal actual energy returns repair the complete leading oscillator energy
ALL 20 CHECKS PASS [P251-0209-moment-response]
