WORKFLOW VALID: 263 claims, 263 accepted, 12 proposals, 4 skills; MIGRATION QUEUE: 218 units, 0 pending, 0 partial
  All 1048 file(s) valid.
MEMORY VALIDATION WARNINGS: 43 (run 'memory validate /tmp/pr199-completion/memory' for details)
Skill is valid!
........................................................................ [  2%]
........................................................................ [  5%]
........................................................................ [  8%]
........................................................................ [ 11%]
........................................................................ [ 13%]
........................................................................ [ 16%]
........................................................................ [ 19%]
........................................................................ [ 22%]
........................................................................ [ 25%]
........................................................................ [ 27%]
........................................................................ [ 30%]
........................................................................ [ 33%]
........................................................................ [ 36%]
........................................................................ [ 39%]
........................................................................ [ 41%]
........................................................................ [ 44%]
........................................................................ [ 47%]
........................................................................ [ 50%]
........................................................................ [ 53%]
........................................................................ [ 55%]
........................................................................ [ 58%]
........................................................................ [ 61%]
........................................................................ [ 64%]
........................................................................ [ 67%]
........................................................................ [ 69%]
........................................................................ [ 72%]
........................................................................ [ 75%]
........................................................................ [ 78%]
........................................................................ [ 81%]
........................................................................ [ 83%]
........................................................................ [ 86%]
........................................................................ [ 89%]
........................................................................ [ 92%]
........................................................................ [ 95%]
........................................................................ [ 97%]
........................................................                 [100%]
2576 passed in 359.72s (0:05:59)
ALL REPOSITORY WORKFLOW CHECKS PASS (full pytest suite)
