PASS [P251-0204-actual-ring-array-transfer] actual tubular volume factor is retained
PASS [P251-0204-actual-ring-array-transfer] exact Piola preparation stays physically divergence-free
PASS [P251-0204-actual-ring-array-transfer] straightened core frame is not assigned unit volume at finite radius
PASS [P251-0204-actual-ring-array-transfer] finite packet amplitude has its actual Fourier normalization
PASS [P251-0204-actual-ring-array-transfer] full packet phase mass scales by the squared spectral envelope
PASS [P251-0204-actual-ring-array-transfer] fiber current-two matching is not falsely exact after finite bandwidth
PASS [P251-0204-actual-ring-array-transfer] within-cell compensation is an actual Bloch-curl identity
PASS [P251-0204-actual-ring-array-transfer] cross-action spatial derivatives use separation not absolute radius
PASS [P251-0204-actual-ring-array-transfer] actual zero-harmonic transverse pressure projector is idempotent
PASS [P251-0204-actual-ring-array-transfer] actual zero-harmonic pressure projector removes only the longitudinal row
PASS [P251-0204-actual-ring-array-transfer] retained anisotropic stress can create a nonzero Bloch mean jet
PASS [P251-0204-actual-ring-array-transfer] high-moment preparation removes the initial singular mean through degree two
PASS [P251-0204-actual-ring-array-transfer] high angular harmonics kill full low Cartesian moments
PASS [P251-0204-actual-ring-array-transfer] low-harmonic mutation restores a full Cartesian moment
PASS [P251-0204-actual-ring-array-transfer] actual moving observation mass uses the complete Wronskian
PASS [P251-0204-actual-ring-array-transfer] actual moving stiffness keeps both observation accelerations
PASS [P251-0204-actual-ring-array-transfer] measured quiet-tag spin is not renamed canonical inertia
PASS [P251-0204-actual-ring-array-transfer] complete point-current first moments can cancel with actual ambient return
PASS [P251-0204-actual-ring-array-transfer] actual centroid-collapse current retains the nonzero tag dipole
PASS [P251-0204-actual-ring-array-transfer] the same exposing tag retains a nonzero symmetric shape-rate row
PASS [P251-0204-actual-ring-array-transfer] coaxial distributed-packet count has positive limiting density
PASS [P251-0204-actual-ring-array-transfer] one densely prepared ring still dilutes in a radius-sized cube
PASS [P251-0204-actual-ring-array-transfer] relative physical action error uses one common volume normalization
PASS [P251-0204-actual-ring-array-transfer] a fixed high band beats the explicit second-jet projector loss
PASS [P251-0204-actual-ring-array-transfer] whole-law reconstruction does not multiply the raw phase density
ALL 25 CHECKS PASS [P251-0204-actual-ring-array-transfer]
