PASS [P251-0164-all-time-physical-joint-jet] the exposing periodic 2D3C field is actual stationary Euler
PASS [P251-0164-all-time-physical-joint-jet] the full rotational Coriolis field is a pressure gradient
PASS [P251-0164-all-time-physical-joint-jet] the static rotation is the actual Kelvin affine column
PASS [P251-0164-all-time-physical-joint-jet] the common-V affine column obeys full material Lin transport
PASS [P251-0164-all-time-physical-joint-jet] the rotating affine column solves Euler with its full pressure
PASS [P251-0164-all-time-physical-joint-jet] omitting the microscopic rotating-cell velocity is exposed
PASS [P251-0164-all-time-physical-joint-jet] the real curl symbol has the correct whole-field axial parity
PASS [P251-0164-all-time-physical-joint-jet] the chiral scalar second-jet term is removed by mirror pairing
PASS [P251-0164-all-time-physical-joint-jet] fixed-radius nodal annuli derive their finite first carrier response
PASS [P251-0164-all-time-physical-joint-jet] the second carrier quotient has the positive nodal susceptibility
PASS [P251-0164-all-time-physical-joint-jet] positive physical annuli have the actual signed small clock variance
PASS [P251-0164-all-time-physical-joint-jet] the selected actual Laguerre mode has simple nodal roots
PASS [P251-0164-all-time-physical-joint-jet] a fixed single annulus really has negative leading curvature
PASS [P251-0164-all-time-physical-joint-jet] two physical annuli retain positive actual squared-clock curvature
PASS [P251-0164-all-time-physical-joint-jet] the true acoustic polar moment remains in translational gradient inertia
PASS [P251-0164-all-time-physical-joint-jet] the full physical potential retains the leading locking coupling
PASS [P251-0164-all-time-physical-joint-jet] both measured pullbacks preserve the entire dispersion determinant
PASS [P251-0164-all-time-physical-joint-jet] the actual current phase component exposes its precise configuration remainder
PASS [P251-0164-all-time-physical-joint-jet] the configuration API reproduces the independently derived physical bracket
PASS [P251-0164-all-time-physical-joint-jet] the ideal current is a true configuration map, not a changed momentum name
Derived nodal susceptibility: lim h*mu_PP = 108*node**2
Derived physical mass second jet: Matrix([[I*k**2/2 - j*k**2/4 + rho, 0], [0, -j**2*k**2/(4*rho) + j]])
Derived hybrid configuration remainder: eps*k/(2*Omega*rho)
Scope: affine Euler/Bloch identity, O(3) parity, fixed-radius material clock,
and full measured current pullback; no global EPS or all-k closure is inferred.
ALL 20 CHECKS PASS [P251-0164-all-time-physical-joint-jet]
