PASS [P251-0164-all-time-physical-joint-jet] the exposing periodic 2D3C field is actual stationary Euler
PASS [P251-0164-all-time-physical-joint-jet] the full rotational Coriolis field is a pressure gradient
PASS [P251-0164-all-time-physical-joint-jet] the static rotation is the actual Kelvin affine column
PASS [P251-0164-all-time-physical-joint-jet] the common-V affine column obeys full material Lin transport
PASS [P251-0164-all-time-physical-joint-jet] the rotating affine column solves Euler with its full pressure
PASS [P251-0164-all-time-physical-joint-jet] omitting the microscopic rotating-cell velocity is exposed
PASS [P251-0164-all-time-physical-joint-jet] the real curl symbol has the correct whole-field axial parity
PASS [P251-0164-all-time-physical-joint-jet] the chiral scalar second-jet term is removed by mirror pairing
PASS [P251-0164-all-time-physical-joint-jet] fixed-radius nodal annuli derive their finite first carrier response
PASS [P251-0164-all-time-physical-joint-jet] the second carrier quotient has the positive nodal susceptibility
PASS [P251-0164-all-time-physical-joint-jet] positive physical annuli have the actual signed small clock variance
PASS [P251-0164-all-time-physical-joint-jet] the selected actual Laguerre mode has simple nodal roots
PASS [P251-0164-all-time-physical-joint-jet] a fixed single annulus really has negative leading curvature
PASS [P251-0164-all-time-physical-joint-jet] two physical annuli retain positive actual squared-clock curvature
Traceback (most recent call last):
  File "/tmp/pr199-completion/proposals/P251-cosserat-from-vortex-euler/attempts/0164/verify.py", line 148, in <module>
    raise SystemExit(main())
                     ^^^^^^
  File "/tmp/pr199-completion/proposals/P251-cosserat-from-vortex-euler/attempts/0164/verify.py", line 110, in main
    checks.check("the true acoustic polar moment remains in translational gradient inertia",
  File "/tmp/pr199-completion/src/substrate_framework/verification.py", line 52, in check
    raise CheckFailure(f"FAIL [{self.claim_id}] {name}{suffix}")
substrate_framework.verification.CheckFailure: FAIL [P251-0164-all-time-physical-joint-jet] the true acoustic polar moment remains in translational gradient inertia
