PASS [P251-0158-actual-joint-physical-interface] actual mean displacement and velocity are a canonical initial subpair
PASS [P251-0158-actual-joint-physical-interface] actual initial material angle commutes with the actual mean position
PASS [P251-0158-actual-joint-physical-interface] omitting the complete optical means fabricates a position bracket
PASS [P251-0158-actual-joint-physical-interface] the full joint phase rank uses the actual Schur correction sign
PASS [P251-0158-actual-joint-physical-interface] the true initial position/rate chart stays invertible for measured b,d
PASS [P251-0158-actual-joint-physical-interface] the complete physical initial mass is positive with determinant rho*j
PASS [P251-0158-actual-joint-physical-interface] the initial physical symplectic chart retains its measured gyroscopic row
PASS [P251-0158-actual-joint-physical-interface] actual Bloch curl derives its complete displacement mean
PASS [P251-0158-actual-joint-physical-interface] full Euler Leray gives the derivative and product potential moments
PASS [P251-0158-actual-joint-physical-interface] the product-moment pressure term is genuinely exercised
PASS [P251-0158-actual-joint-physical-interface] the actual cone polarization has the correct curl helicity
PASS [P251-0158-actual-joint-physical-interface] three actual cone polarizations span the control value space
PASS [P251-0158-actual-joint-physical-interface] two distinct signed CK cones exceed a cubic eigenvalue relation
PASS [P251-0158-actual-joint-physical-interface] the actual initial G row is the independent displacement-helicity moment
PASS [P251-0158-actual-joint-physical-interface] the literal moving spin retains its order-one background gyroscopic term
Derived complete joint Schur determinant: rho**2*(-beta + m1*n2*rho - m2*n1*rho)**2
Derived physical initial mass: Matrix([[b**2*j + rho, -b*j], [-b*j, j]])
Derived actual CK cone determinant: 2*I*sqrt(-(z - 1)*(z + 1))*(z - 1)*(z + 1)
Scope: actual initial joint chart, compact reaction and physical current;
full-time configuration bracket and optical spatial closure remain explicit.
ALL 15 CHECKS PASS [P251-0158-actual-joint-physical-interface]
