PASS [P251-0154-coherent-physical-acoustic-action] canonical Fourier material momentum retains the finite-K pressure return
PASS [P251-0154-coherent-physical-acoustic-action] the real physical macro column has unit mean-square normalization
PASS [P251-0154-coherent-physical-acoustic-action] full finite-K displacement/common-V symplectic pairing is exactly rho
PASS [P251-0154-coherent-physical-acoustic-action] material cotangent momentum is not renamed Eulerian momentum
PASS [P251-0154-coherent-physical-acoustic-action] actual solution-column connection cancels its coefficient Hamiltonian
PASS [P251-0154-coherent-physical-acoustic-action] the propagated phase embedding has zero ambient residual
PASS [P251-0154-coherent-physical-acoustic-action] the physical row derives its exact Wronskian and inertia
PASS [P251-0154-coherent-physical-acoustic-action] the full moving stiffness is derived rather than supplied
PASS [P251-0154-coherent-physical-acoustic-action] the exact physical momentum row and canonical mismatch remain separate
PASS [P251-0154-coherent-physical-acoustic-action] the physical Hamiltonian retains both moving connection entries
PASS [P251-0154-coherent-physical-acoustic-action] variation of the actual chart action gives its full physical equation
PASS [P251-0154-coherent-physical-acoustic-action] both actual initial phases cancel the second-order Wronskian correction
PASS [P251-0154-coherent-physical-acoustic-action] the same averaged phase action yields positive acoustic stiffness
PASS [P251-0154-coherent-physical-acoustic-action] physical and canonical momenta agree at the claimed spatial order
PASS [P251-0154-coherent-physical-acoustic-action] omitting the genuine common-V response changes the kinetic coefficient
PASS [P251-0154-coherent-physical-acoustic-action] average physical chart differs from individually averaged unit masses
PASS [P251-0154-coherent-physical-acoustic-action] wrong-order reduction can hide a real physical-chart degeneracy
Actual finite-K initial symplectic pairing: rho
Derived second-jet physical mass: rho
Derived second-jet physical stiffness: a*k**2*rho
Scope: actual coherent averaged phase action, fixed-time positive second jet;
not unrestricted autonomous Euler invariance or completed coupled Cosserat closure.
ALL 17 CHECKS PASS [P251-0154-coherent-physical-acoustic-action]
