PASS [P251-0195-swirl-ring-and-force-free-endpoint] actual cylindrical velocity is divergence free
PASS [P251-0195-swirl-ring-and-force-free-endpoint] actual vorticity retains the swirl and Bernoulli components
PASS [P251-0195-swirl-ring-and-force-free-endpoint] full steady Euler cross-product source sign
PASS [P251-0195-swirl-ring-and-force-free-endpoint] streamfunction is a material first integral
PASS [P251-0195-swirl-ring-and-force-free-endpoint] streamfunction is also a vortex-line first integral
PASS [P251-0195-swirl-ring-and-force-free-endpoint] scaled swirl source contains its full R factor
PASS [P251-0195-swirl-ring-and-force-free-endpoint] same Green kernel uses the correct weighted effective source
PASS [P251-0195-swirl-ring-and-force-free-endpoint] omitting the swirl source changes the actual stationary equation
PASS [P251-0195-swirl-ring-and-force-free-endpoint] complete all-poloidal Euler Lie operator including new pressure derivative
PASS [P251-0195-swirl-ring-and-force-free-endpoint] actual steady flux-coordinate vorticity commutes with velocity
PASS [P251-0195-swirl-ring-and-force-free-endpoint] fixed toroidal harmonic retains poloidal vorticity response
PASS [P251-0195-swirl-ring-and-force-free-endpoint] both transport shears form the same nilpotent block
PASS [P251-0195-swirl-ring-and-force-free-endpoint] shifted-band graph resolvent retains both shears
PASS [P251-0195-swirl-ring-and-force-free-endpoint] twist uses the actual return flux action
PASS [P251-0195-swirl-ring-and-force-free-endpoint] free first swirl derivative independently controls streamline twist
PASS [P251-0195-swirl-ring-and-force-free-endpoint] actual vortex-line twist has the independent second profile derivative
PASS [P251-0195-swirl-ring-and-force-free-endpoint] vortex-line twist profile control coefficient is nonzero
PASS [P251-0195-swirl-ring-and-force-free-endpoint] finite-arc density obeys its actual angular transport
PASS [P251-0195-swirl-ring-and-force-free-endpoint] generic stationary finite-arc substitution leaves a nonzero transport row
PASS [P251-0195-swirl-ring-and-force-free-endpoint] zero actual angular velocity on open tag support removes that row
PASS [P251-0195-swirl-ring-and-force-free-endpoint] full Reynolds material spin includes both moving-position terms
PASS [P251-0195-swirl-ring-and-force-free-endpoint] actual prepared TR moment average
PASS [P251-0195-swirl-ring-and-force-free-endpoint] actual prepared TR spin keeps the measured even connection
PASS [P251-0195-swirl-ring-and-force-free-endpoint] the corrected physical tag row yields exact spin/current matching
PASS [P251-0195-swirl-ring-and-force-free-endpoint] TR full initial phase pullback precedes elimination
PASS [P251-0195-swirl-ring-and-force-free-endpoint] TR actual initial energy retains positive phase weighting
PASS [P251-0195-swirl-ring-and-force-free-endpoint] explicit source tail earns the smooth square-root primitive
PASS [P251-0195-swirl-ring-and-force-free-endpoint] primitive and factor really vanish smoothly at the core edge
PASS [P251-0195-swirl-ring-and-force-free-endpoint] homotopy swirl source is the full eta-squared primitive source
PASS [P251-0195-swirl-ring-and-force-free-endpoint] uniform homotopy has the correct full Green source
PASS [P251-0195-swirl-ring-and-force-free-endpoint] force-free endpoint exactly removes Bernoulli vorticity
PASS [P251-0195-swirl-ring-and-force-free-endpoint] uniform source perturbation is first order in inverse radius
PASS [P251-0195-swirl-ring-and-force-free-endpoint] actual force-free flat-core axial derivative includes swirl reaction
PASS [P251-0195-swirl-ring-and-force-free-endpoint] endpoint rotation twist uses physical meridional action
PASS [P251-0195-swirl-ring-and-force-free-endpoint] force-free streamline and vorticity return numbers coincide
Global IFT, fixed-contour perturbation, flux/KAM conditions and the actual tag IFT are analytic proofs in the companion files.
The force-free endpoint has no asserted optical pole/current continuation; the full O(1) operator change is retained.
ALL 35 CHECKS PASS [P251-0195-swirl-ring-and-force-free-endpoint]
