Exact-oracle audit replaced the last schematic matrix cancellation with the derivative of an actual translated Fourier velocity. No physics formula changed. First execution remains in first.stdout.
Exit status: 0
PASS [P251-0139] sixfold second moment
PASS [P251-0139] sixfold fourth mixed moment
PASS [P251-0139] sixfold odd shear cross
PASS [P251-0139] full regularized shear derivative
PASS [P251-0139] radial boundary integral
PASS [P251-0139] reciprocal normalization
PASS [P251-0139] derived physical shear
PASS [P251-0139] exact Poisson error term
PASS [P251-0139] radial profile-independent total derivative
PASS [P251-0139] actual inverse curl transverse velocity
PASS [P251-0139] actual incompressible mean
PASS [P251-0139] longitudinal pole is fluid kinetic energy
PASS [P251-0139] exact momentum Schur action
PASS [P251-0139] physical mean observation after elimination
PASS [P251-0139] physical mass is ambient density in long-wave limit
PASS [P251-0139] full retained mass second jet
PASS [P251-0139] same-action physical acoustic coefficient
PASS [P251-0139] nonzero-k positive matrix sufficient interval
PASS [P251-0139] wrong mean-velocity sign is exposed
PASS [P251-0139] actual Fourier translation full energy Hessian cancels
PASS [P251-0139] omitting second variation creates spurious translation energy
ALL 21 CHECKS PASS [P251-0139]
