Traceback (most recent call last):
  File "/tmp/pr199-completion/proposals/P251-cosserat-from-vortex-euler/attempts/0163/verify.py", line 107, in <module>
PASS [P251-0163-constant-curl-response] the same six-mode background has the declared constant curl
PASS [P251-0163-constant-curl-response] sideband translation has exact positive helicity including divergence return
PASS [P251-0163-constant-curl-response] complete covariance retains the entire triangular field
PASS [P251-0163-constant-curl-response] full translation cancels both order-k mean-flux terms together
PASS [P251-0163-constant-curl-response] the actual sideband axial component retains its polarization factor
PASS [P251-0163-constant-curl-response] passive-r sideband row begins at second order, not first
PASS [P251-0163-constant-curl-response] full Euler pressure and the exact Hodge-current reduction agree
    raise SystemExit(main())
                     ^^^^^^
  File "/tmp/pr199-completion/proposals/P251-cosserat-from-vortex-euler/attempts/0163/verify.py", line 75, in main
    zero([s.limit(entry/k**2, k, 0)
         ^^^^^^^^^^^^^^^^^^^^^^^^^^
  File "/home/dan/substrate-framework/.venv/lib/python3.12/site-packages/sympy/core/decorators.py", line 118, in binary_op_wrapper
    return func(self, other)
           ^^^^^^^^^^^^^^^^^
  File "/home/dan/substrate-framework/.venv/lib/python3.12/site-packages/sympy/matrices/matrixbase.py", line 3041, in __rsub__
    return (-self) + a
           ~~~~~~~~^~~
TypeError: unsupported operand type(s) for +: 'MutableDenseMatrix' and 'list'
