Axial profile W=psi^1, lambda=Psi=1
Computed first-order horizontal source modes: 0
Uncentered <a F_x>: 0
Upper polygon integral F_x: 0
Computed conserved-row axial frame nu: 0
Full cell mean W: 0
Residual advection mean(W)-nu: 0
Axial profile W=psi^3, lambda=Psi=1
Computed first-order horizontal source modes: 50
Uncentered <a F_x>: -3/2
Upper polygon integral F_x: 0
Computed conserved-row axial frame nu: 3/2
Full cell mean W: 3/2
Residual advection mean(W)-nu: 0
Axial profile W=psi^4, lambda=Psi=1
Computed first-order horizontal source modes: 80
Uncentered <a F_x>: -45/8
Upper polygon integral F_x: 0
Computed conserved-row axial frame nu: 45/8
Full cell mean W: 45/8
Residual advection mean(W)-nu: 0
