Traceback (most recent call last):
  File "/tmp/pr199-completion/proposals/P251-cosserat-from-vortex-euler/attempts/0163/generalized_verify.py", line 99, in <module>
PASS [P251-0163-ordered-force-free] same planar geometry gives exact generalized force-free curl
PASS [P251-0163-ordered-force-free] the whole stationary Bernoulli constant is retained
PASS [P251-0163-ordered-force-free] small moving-frame axial profile has an exact rationalization
PASS [P251-0163-ordered-force-free] the amplitude and derivative have the declared large-C order
PASS [P251-0163-ordered-force-free] the optical interface uses the actual new core derivatives
PASS [P251-0163-ordered-force-free] general-profile passive variable cancels both zero-k shear sources
PASS [P251-0163-ordered-force-free] the coefficient is transported as a genuine first integral
PASS [P251-0163-ordered-force-free] full harmonic pressure is finite and not reset
PASS [P251-0163-ordered-force-free] dropping that harmonic pressure changes the complete source
PASS [P251-0163-ordered-force-free] ordered family anchors to the importable full-pressure planar action
PASS [P251-0163-ordered-force-free] complete Jacobi momentum eliminates to the stated lifted phase energy
    raise SystemExit(main())
                     ^^^^^^
  File "/tmp/pr199-completion/proposals/P251-cosserat-from-vortex-euler/attempts/0163/generalized_verify.py", line 72, in main
    checks.check("the additional axial kinetic term is NOT omitted",
  File "/tmp/pr199-completion/src/substrate_framework/verification.py", line 52, in check
    raise CheckFailure(f"FAIL [{self.claim_id}] {name}{suffix}")
substrate_framework.verification.CheckFailure: FAIL [P251-0163-ordered-force-free] the additional axial kinetic term is NOT omitted
