WORKFLOW VALID: 260 claims, 260 accepted, 12 proposals, 4 skills; MIGRATION QUEUE: 218 units, 0 pending, 0 partial
  All 1044 file(s) valid.
MEMORY VALIDATION WARNINGS: 43 (run 'memory validate /tmp/pr199-completion/memory' for details)
Skill is valid!
........................................................................ [  2%]
........................................................................ [  5%]
........................................................................ [  8%]
........................................................................ [ 11%]
........................................................................ [ 14%]
........................................................................ [ 16%]
........................................................................ [ 19%]
........................................................................ [ 22%]
........................................................................ [ 25%]
........................................................................ [ 28%]
........................................................................ [ 30%]
........................................................................ [ 33%]
........................................................................ [ 36%]
........................................................................ [ 39%]
........................................................................ [ 42%]
........................................................................ [ 44%]
........................................................................ [ 47%]
........................................................................ [ 50%]
........................................................................ [ 53%]
........................................................................ [ 56%]
........................................................................ [ 58%]
........................................................................ [ 61%]
........................................................................ [ 64%]
........................................................................ [ 67%]
........................................................................ [ 70%]
........................................................................ [ 72%]
........................................................................ [ 75%]
........................................................................ [ 78%]
........................................................................ [ 81%]
........................................................................ [ 84%]
........................................................................ [ 86%]
........................................................................ [ 89%]
........................................................................ [ 92%]
........................................................................ [ 95%]
........................................................................ [ 98%]
................................................                         [100%]
2568 passed in 360.43s (0:06:00)
ALL REPOSITORY WORKFLOW CHECKS PASS (full pytest suite)
