PASS [P251-0176] actual nodal quotient from two positive weights
PASS [P251-0176] finite physical mean at reference carrier
PASS [P251-0176] first fixed-radius carrier derivative
PASS [P251-0176] actual singular second susceptibility
PASS [P251-0176] finite-h band equation derived from actual phase
PASS [P251-0176] positive branch solves finite-h band equation
PASS [P251-0176] band equation has simple r derivative
PASS [P251-0176] seed r above one follows from equation at one
PASS [P251-0176] band curvature has positive leading coefficient
PASS [P251-0176] full interference phase is obtained from actual complex numerator
PASS [P251-0176] full amplitude connection derived independently
PASS [P251-0176] exact initial band edge has nonzero t-squared carrier drift
PASS [P251-0176] initial band edge does not remove amplitude-rate derivative
PASS [P251-0176] third positive annulus solves actual signed response variance
PASS [P251-0176] variance-free positive marker retains a tunable initial slope
PASS [P251-0176] zero variance leaves a nonzero third phase cumulant
PASS [P251-0176] variance and third cumulant imply an exact positive rigidity form
finite band equation: -E - h*r + 3*r**2*z/2 - 5*z/2
initial-band time drift gamma_P,t2=-3*c**3*h**2*(E + 2*z)*(r**2 - 1)/8
three-annulus positive weight=e*tau*(1 - e)**2/(e*(e + 1)**2 + 4*tau)
remaining third signed cumulant=2*e*tau*(e - 1)**2*(e + 1)*(e**3 + 2*e**2 + e + 4*tau)/(e**2 + e + 2*tau)**3
ALL 17 CHECKS PASS [P251-0176]
process_exit=0
