PASS [P251-0176-stationary-shape] actual positive two-annulus mean
PASS [P251-0176-stationary-shape] actual positive response variance
PASS [P251-0176-stationary-shape] actual positive-response third moment
PASS [P251-0176-stationary-shape] fixed physical marker first carrier derivative
PASS [P251-0176-stationary-shape] fixed physical marker second carrier derivative
PASS [P251-0176-stationary-shape] stationary ground-mode physical clock positive
PASS [P251-0176-stationary-shape] actual stationary-marker initial carrier slope vanishes
PASS [P251-0176-stationary-shape] actual stationary-marker clock curvature positive
PASS [P251-0176-stationary-shape] actual squared-clock curvature includes full first derivative
PASS [P251-0176-stationary-shape] smoothing continuation has a nonzero weight Jacobian
PASS [P251-0176-stationary-shape] actual phase drift retains its third central moment
PASS [P251-0176-stationary-shape] actual amplitude drift retains its positive variance
PASS [P251-0176-stationary-shape] natural slow-window current connection is not zero
PASS [P251-0176-stationary-shape] nonunit overlap retains the actual mixed kinetic row
PASS [P251-0176-stationary-shape] same action retains the actual mixed potential row
PASS [P251-0176-stationary-shape] physical optical translational transfer survives positive nonunit overlap
mean=6; variance=32/3; third=928/9
gamma=c, gamma_P=0, gamma_PP=35c/2; current derivative=-140*c**2/9
physical optical forcing=-eta*kappa/2
ALL 16 CHECKS PASS [P251-0176-stationary-shape]
process_exit=0
