Traceback (most recent call last):
  File "/tmp/pr199-completion/proposals/P251-cosserat-from-vortex-euler/attempts/0161/verify.py", line 154, in <module>
PASS [P251-0161-triangular-acoustic-array] actual oblique-cell field is divergence free
PASS [P251-0161-triangular-acoustic-array] the entire vorticity gradient is the first-shell Euler profile
PASS [P251-0161-triangular-acoustic-array] full stationary Euler pressure is derived from the field
PASS [P251-0161-triangular-acoustic-array] the exact common-level separatrix factorization holds
PASS [P251-0161-triangular-acoustic-array] all three boundary families have the same NONZERO streamfunction
PASS [P251-0161-triangular-acoustic-array] the complete-cell streamfunction mean is zero
PASS [P251-0161-triangular-acoustic-array] bounded invariant polygons tile the entire reciprocal cell
PASS [P251-0161-triangular-acoustic-array] separatrix boundary flux is retained, not deleted
PASS [P251-0161-triangular-acoustic-array] the actual adjoint translation matrix is nondegenerate
PASS [P251-0161-triangular-acoustic-array] a zero-level boundary mutation destroys the needed dual rows
PASS [P251-0161-triangular-acoustic-array] first-shell odd representation splits into vector and distinct scalar
PASS [P251-0161-triangular-acoustic-array] the complete vector kernel is exactly the translations
PASS [P251-0161-triangular-acoustic-array] the next-shell exclusion uses an exact congruence, not a cutoff
PASS [P251-0161-triangular-acoustic-array] global Arnold complement has the explicit two-thirds lower bound
PASS [P251-0161-triangular-acoustic-array] gradient-return forcing has bounded vorticity without derivative loss
PASS [P251-0161-triangular-acoustic-array] the acoustic coefficient is the complete actual velocity covariance
PASS [P251-0161-triangular-acoustic-array] full axial pressure gives the exact finite-k phase stiffness factor
PASS [P251-0161-triangular-acoustic-array] omitting the pressure return changes the actual phase action
PASS [P251-0161-triangular-acoustic-array] Kelvin preparation contains BOTH horizontal and vertical returns
    raise SystemExit(main())
                     ^^^^^^
  File "/tmp/pr199-completion/proposals/P251-cosserat-from-vortex-euler/attempts/0161/verify.py", line 147, in main
    checks.check("the initial material phase pairing fixes physical mass rho",
  File "/tmp/pr199-completion/src/substrate_framework/verification.py", line 52, in check
    raise CheckFailure(f"FAIL [{self.claim_id}] {name}{suffix}")
substrate_framework.verification.CheckFailure: FAIL [P251-0161-triangular-acoustic-array] the initial material phase pairing fixes physical mass rho
