Command: env PYTHONPATH=src .venv/bin/python proposals/P251-cosserat-from-vortex-euler/attempts/0193/verify.py
Exit: 0
PASS [P251-0193-localized-helical-pole] radial cutoff retains the exact steady Euler pressure balance
PASS [P251-0193-localized-helical-pole] actual outer helical charge is not set constant
PASS [P251-0193-localized-helical-pole] coefficient derivative retains both cutoff and original tail
PASS [P251-0193-localized-helical-pole] uncut derivative has the stated weighted tail scale
PASS [P251-0193-localized-helical-pole] helical momentum equation keeps all three full Euler terms
PASS [P251-0193-localized-helical-pole] nonconstant outer charge cancels in the actual Kelvin gradient identity
PASS [P251-0193-localized-helical-pole] actual vorticity return measures force-free failure of a scalar cutoff
PASS [P251-0193-localized-helical-pole] actual radial pressure equation includes the inertial and return terms
PASS [P251-0193-localized-helical-pole] actual tangential Euler equation
PASS [P251-0193-localized-helical-pole] actual axial Euler equation at the helical carrier
PASS [P251-0193-localized-helical-pole] full divergence derives the radial material equation
PASS [P251-0193-localized-helical-pole] exterior pressure is screened Helmholtz rather than a wall
PASS [P251-0193-localized-helical-pole] continued actual KKS and physical generator give positive phase energy
PASS [P251-0193-localized-helical-pole] new inner mode retains both displacement and moving-position spin rows
PASS [P251-0193-localized-helical-pole] actual three-row marker target matches the new full action mass
PASS [P251-0193-localized-helical-pole] Bernoulli square root derives the generalized-force-free axial derivative
PASS [P251-0193-localized-helical-pole] compact-vorticity alternative has actual parallel curl
PASS [P251-0193-localized-helical-pole] positive axial square contains both missing-swirl and pressure-integral terms
PASS [P251-0193-localized-helical-pole] square-root derivative bound uses a nonnegative Taylor test not a lower floor
PASS [P251-0193-localized-helical-pole] general axial-flow Kelvin correction is the full varying-frequency gradient
Operator-norm, Riesz rank and exact marker-inverse bounds are analytic in the proofs.
No numerical eigenvalue, guessed gap, radial wall or full-channel spectrum was used.
ALL 20 CHECKS PASS [P251-0193-localized-helical-pole]
