PASS [P251-0171] same imported array has exact variable-factor curl
PASS [P251-0171] axial velocity preserves the actual streamfunction
PASS [P251-0171] full pressure has its declared Bernoulli constant
PASS [P251-0171] constant-factor substitution is actually false
PASS [P251-0171] core axial slope derived from fixed C
PASS [P251-0171] core axial second derivative is not erased
PASS [P251-0171] same-field core normal Hessian
PASS [P251-0171] nonconstant axial quartic is derived by composition
PASS [P251-0171] positive carrier is trapping
PASS [P251-0171] negative carrier mutation reverses the well
PASS [P251-0171] full pressure and Doppler balance determine width
PASS [P251-0171] fixed-profile radial scale
PASS [P251-0171] extra axial nonlinear term first has order delta four
PASS [P251-0171] normal C6 first has order delta six
PASS [P251-0171] generalized-core pressure follows from all Euler equations
PASS [P251-0171] omitting axial-shear pressure is exposed
PASS [P251-0171] axial reflection preserves both pressure sources
PASS [P251-0171] oscillator eigenvalue derived from radial differential equation
PASS [P251-0171] principal Kelvin inversion is local vorticity, not curl eigenvalue
PASS [P251-0171] literal principal material spin cancels pointwise
PASS [P251-0171] complete action leading KKS density sign and factor
PASS [P251-0171] axial-shear KKS correction starts at delta squared
PASS [P251-0171] new mode has full radial norm three pi
PASS [P251-0171] actual material Laplace slope, not eigenfrequency
PASS [P251-0171] positive fixed-C physical clock curvature
PASS [P251-0171] physical pressure-spin polynomial independently derived
PASS [P251-0171] displacement-current row is not spin row
PASS [P251-0171] six new-field spin time/carrier rows independent
PASS [P251-0171] reference and spin rows have independent exact minor
PASS [P251-0171] fixed-tag curvature needs and has three independent rows
PASS [P251-0171] all three ideal physical tag jets vanish
PASS [P251-0171] full-cell distinct-harmonic cross vanishes exactly
a=lambda**2*psi0/sqrt(C + lambda**2*psi0**2); b=C*lambda**2/(C + lambda**2*psi0**2)**(3/2); ell4=2/(a*p**3)
physical gamma=Omega*delta/3 + 2*Omega; p²(gamma²)''=Omega**2*delta
six-row minor=19683/8192; eight-row minor=2657205/131072
ALL 32 CHECKS PASS [P251-0171]
process_exit=0
