PASS [P251-0184] complete physical current reduces using only actual transversality
PASS [P251-0184] the omitted axial-vorticity term would leave real mixed strain rows
PASS [P251-0184] the axial current is on the genuine first scalar Fourier shell
PASS [P251-0184] psi is an actual streamline first integral
PASS [P251-0184] alpha supplies the nonzero actual forcing harmonic
PASS [P251-0184] arbitrary correlated planar forcing retains its nonzero whole-law weight
PASS [P251-0184] forced axial return cancels only after the complete whole law
PASS [P251-0184] the planar and axial cross-sector cancellation is not separability
PASS [P251-0184] the forcing is the actual complete solenoidal Euler cross field
PASS [P251-0184] full translation-leading Bloch forcing reduces to the same d sector
PASS [P251-0184] the full forced axial-plus-vorticity current has its retained source
PASS [P251-0184] declaring the forced return passive would change the exact equation
PASS [P251-0184] the planar vorticity equation is the full forced Euler curl
PASS [P251-0184] the averaged physical field obeys the actual forced unitary range equation
PASS [P251-0184] the complete correlated current has the exact positive range-energy factor
PASS [P251-0184] using the one-orientation normalization would fail this whole-law current
PASS [P251-0184] the nonzero averaged forcing retains the exact natural norm
PASS [P251-0184] first-shell physical current is retained outside the range coordinate
PASS [P251-0184] actual range generator is skew on separate full-Fourier probes
PASS [P251-0184] arbitrary corrected psi current is actually conserved
PASS [P251-0184] streamline parity obstruction retains its nonzero whole-law coefficient
PASS [P251-0184] whole time reversal preserves the current-energy sign
whole-law weight=1/5; current_t=1/2; range_energy_t=-1/10
ALL 22 CHECKS PASS [P251-0184]
