PASS [P251-0231-actual-acoustic-angle-spin] actual axial rotation velocity is the complete negative pressure gradient
PASS [P251-0231-actual-acoustic-angle-spin] the full periodic pressure removes the rigid-rate Coriolis residual
PASS [P251-0231-actual-acoustic-angle-spin] complete C015 antisymmetric lift equals the actual rotation velocity
PASS [P251-0231-actual-acoustic-angle-spin] all actual displacement returns vanish in the axial antisymmetric channel
PASS [P251-0231-actual-acoustic-angle-spin] the full displacement material-rate correction is exactly zero
PASS [P251-0231-actual-acoustic-angle-spin] the full physical acoustic current test is symmetric
PASS [P251-0231-actual-acoustic-angle-spin] the complete C016 velocity forcing retains and cancels both gradient terms
PASS [P251-0231-actual-acoustic-angle-spin] actual passive configuration and velocity correlation has zero axial skew
PASS [P251-0231-actual-acoustic-angle-spin] the physical spin-return field commutes with the full Euler background
PASS [P251-0231-actual-acoustic-angle-spin] the spin-return velocity solves full stationary linear Euler including pressure
PASS [P251-0231-actual-acoustic-angle-spin] the spin-return field is mean free and has no axial material drift
PASS [P251-0231-actual-acoustic-angle-spin] actual background spin has the compact-boundary nonzero denominator identity
PASS [P251-0231-actual-acoustic-angle-spin] the return preserves the entire literal transported tag
PASS [P251-0231-actual-acoustic-angle-spin] the literal covariance detector returns an exact rigid angle
PASS [P251-0231-actual-acoustic-angle-spin] the actual detector Gram reconstructs rigid rotation without changing spin
PASS [P251-0231-actual-acoustic-angle-spin] raw detector averaging without the Gram inverse has the exposed factor-three defect
PASS [P251-0231-actual-acoustic-angle-spin] full Haar contraction retains only the measured rigid antisymmetric response
PASS [P251-0231-actual-acoustic-angle-spin] the actual angle-null stationary return matches both measured G and spin
PASS [P251-0231-actual-acoustic-angle-spin] dropping the physical return leaves the exposed inertia mismatch
ALL 19 CHECKS PASS [P251-0231-actual-acoustic-angle-spin]
