PASS [P251-0172] derived coherent Wronskian retains the group variance
PASS [P251-0172] derived coherent stiffness retains both moving terms
PASS [P251-0172] ratio curvature is not the average squared-frequency curvature
PASS [P251-0172] actual mass-rate connection agrees with retained memory
PASS [P251-0172] group-zero removes this variance, not other physical connections
PASS [P251-0172] actual retained convolution angle column
PASS [P251-0172] actual retained convolution rate column
PASS [P251-0172] one common laboratory K gives fourth-Haar transverse factor
PASS [P251-0172] one common laboratory K gives fourth-Haar longitudinal factor
PASS [P251-0172] odd common-K sideband tensor averages to zero
PASS [P251-0172] packet-own group error has the small delta scale
PASS [P251-0172] literal acoustic I and optical j yield the complete physical mass
PASS [P251-0172] the same physical map pulls back the complete potential
PASS [P251-0172] derived derivative map normalizes BOTH inertias
PASS [P251-0172] derived transverse curvature includes the small-inertia subtraction
PASS [P251-0172] gradient tag inertia and carrier mass cancel from normalized curvature
PASS [P251-0172] positive optical frequency curvature alone is not a sign proof
PASS [P251-0172] finite positive density can make the coupled margin strict
PASS [P251-0172] canonical micropolar API reproduces the entire transverse normal pencil
PASS [P251-0172] canonical longitudinal spin curvature is separately retained
PASS [P251-0172] both physical dispersion branches survive the field normalization
PASS [P251-0172] actual chart mass is the inverse physical Wronskian
PASS [P251-0172] actual moving chart retains a measured/canonical momentum difference
PASS [P251-0172] integrated physical spin retains the exact clock-current connection
PASS [P251-0172] differentiated hybrid current equals the actual matched spin row
PASS [P251-0172] curvature representative change retains its exact surface flux
PASS [P251-0172] positive curvature representative has the required trace margin
ALL 27 CHECKS PASS [P251-0172]
