PASS [P251-0200-noncritical-annular-mode] full radial Euler pressure equation
PASS [P251-0200-noncritical-annular-mode] full tangential Euler equation
PASS [P251-0200-noncritical-annular-mode] full axial shear equation
PASS [P251-0200-noncritical-annular-mode] pressure elimination retains the complete divergence
PASS [P251-0200-noncritical-annular-mode] actual Lin displacement includes both shear components
PASS [P251-0200-noncritical-annular-mode] actual material displacement is divergence-free
PASS [P251-0200-noncritical-annular-mode] full Kelvin identity with Doppler-gradient pressure
PASS [P251-0200-noncritical-annular-mode] full selfadjoint pencil is the radial Euler variation
PASS [P251-0200-noncritical-annular-mode] frequency monotonicity includes its exact boundary derivative
PASS [P251-0200-noncritical-annular-mode] full axial-vorticity KKS reduces to the frequency derivative
PASS [P251-0200-noncritical-annular-mode] reduced KKS density equals minus half the pencil derivative
PASS [P251-0200-noncritical-annular-mode] actual admissible axial maximum has positive epicyclic term
PASS [P251-0200-noncritical-annular-mode] localized trial has the stated two exact small-ratio powers
PASS [P251-0200-noncritical-annular-mode] exposing planar m2 patch discriminant vanishes
PASS [P251-0200-noncritical-annular-mode] physical laboratory generator has positive phase Hessian
PASS [P251-0200-noncritical-annular-mode] ordinary fixed quadrupole has the full real and imaginary rows
PASS [P251-0200-noncritical-annular-mode] actual tag displacement moment includes the painted row
PASS [P251-0200-noncritical-annular-mode] quiet-cavity full spin has no omitted base-flow term
PASS [P251-0200-noncritical-annular-mode] actual axial displacement and spin moments remain linked
PASS [P251-0200-noncritical-annular-mode] transverse centroid row vanishes on the m2 tag
PASS [P251-0200-noncritical-annular-mode] three Bessel-tail coefficient rows have exact nonzero determinant
PASS [P251-0200-noncritical-annular-mode] one fixed four-moment tag cancels both actual current derivatives
PASS [P251-0200-noncritical-annular-mode] physical angle and rate convert the entire phase energy
PASS [P251-0200-noncritical-annular-mode] fixed-current full history includes the actual initial displacement
ALL 24 CHECKS PASS [P251-0200-noncritical-annular-mode]
