PASS [P251-0234-output-controls] the actual generic-K correction is solenoidal with the FULL Leray pressure
PASS [P251-0234-output-controls] the true physical Euler correction has no lower spatial coefficient 0
PASS [P251-0234-output-controls] the true physical Euler correction has no lower spatial coefficient 1
PASS [P251-0234-output-controls] the full three-dimensional pressure gives the exact passive second velocity coefficient
PASS [P251-0234-output-controls] the actual generic-K Lin second coefficient is the real passive Kelvin history
PASS [P251-0234-output-controls] this physical supplier genuinely changes the Euler vorticity
PASS [P251-0234-output-controls] distinct POSITIVE physical tag fractions give nonzero literal output rank
PASS [P251-0234-output-controls] actual transported angle time moment matches prescribed row 0
PASS [P251-0234-output-controls] actual transported G/spin time moment matches prescribed row 0
PASS [P251-0234-output-controls] actual transported angle time moment matches prescribed row 1
PASS [P251-0234-output-controls] actual transported G/spin time moment matches prescribed row 1
PASS [P251-0234-output-controls] actual transported angle time moment matches prescribed row 2
PASS [P251-0234-output-controls] actual transported G/spin time moment matches prescribed row 2
PASS [P251-0234-output-controls] actual transported angle time moment matches prescribed row 3
PASS [P251-0234-output-controls] actual transported G/spin time moment matches prescribed row 3
PASS [P251-0234-output-controls] actual transported angle time moment matches prescribed row 4
PASS [P251-0234-output-controls] actual transported G/spin time moment matches prescribed row 4
PASS [P251-0234-output-controls] equal fractions lose precisely the new physical rank
PASS [P251-0234-output-controls] omitting the actual frequency-dependent measured inertia corrupts the physical current
PASS [P251-0234-output-controls] the literal carrier-derivative current retains the measured-inertia connection
PASS [P251-0234-output-controls] a free second-carrier derivative produces a nonzero actual quadratic-time angle row
ALL 21 CHECKS PASS [P251-0234-output-controls]
