PASS [P251-0180] actual stationary transport of the directional velocity supplies pressure
PASS [P251-0180] the exposing full-Fourier variation is solenoidal and nonzero
PASS [P251-0180] the inherited action varies to the full canonical Euler/Lin forcing
PASS [P251-0180] the second-cell constraint contributes an actual nonzero pressure row
PASS [P251-0180] macro variation reproduces the material mean with its factor two
PASS [P251-0180] actual Lin current converts material stress to physical Euler stress
PASS [P251-0180] physical minus canonical momentum retains the actual velocity moment
PASS [P251-0180] equating material and physical means would change this probe
PASS [P251-0180] actual internal initial cotangent is the retained preparation slip
PASS [P251-0180] zeroing the internal initial momentum would change the Euler preparation
PASS [P251-0180] any constant single optical pair obeys its exact temporal recurrence
PASS [P251-0180] actual0175 bare stress jets violate that one-pair recurrence
PASS [P251-0180] stationary response elimination preserves forcing and preparation
PASS [P251-0180] actual one-wave Kelvin slip lies in the nilpotent finite cell space
PASS [P251-0180] actual one-wave macro forcing lies in the nilpotent finite cell space
PASS [P251-0180] nonzero one-wave preparation slip has exactly zero physical stress row
PASS [P251-0180] finite physical row gives the positive whole-Haar one-wave modulus
PASS [P251-0180] complete isotropic strain-source norm has its exact sixfold factor
PASS [P251-0180] actual trace source is exactly the stationary velocity
PASS [P251-0180] actual trace forcing is zero after full pressure projection
PASS [P251-0180] stationary velocity is an exact trace-cell Jacobi zero mode
PASS [P251-0180] the exact forced Jacobi energy is conserved with full gyroscopic pressure
PASS [P251-0180] whole-law stress square completion retains the indefinite potential
PASS [P251-0180] arbitrary corrected trace data leave the isotropic trace current constant
PASS [P251-0180] corrected preparation changes only the constant in stress square completion
ALL 25 CHECKS PASS [P251-0180]
