PASS [P251-0211-same-ring-constant-curl-core] chosen smooth taper has the exact half-integral symmetry
PASS [P251-0211-same-ring-constant-curl-core] actual taper derivative has a positive factorization
PASS [P251-0211-same-ring-constant-curl-core] full seed derivative retains the taper-current product term
PASS [P251-0211-same-ring-constant-curl-core] both swirl signs give the identical meridional source
PASS [P251-0211-same-ring-constant-curl-core] inner current is exactly affine with the actual primitive offset
PASS [P251-0211-same-ring-constant-curl-core] inner Euler source has the nonzero derivative absent in a Rankine plateau
PASS [P251-0211-same-ring-constant-curl-core] inner Bessel seed solves the actual affine radial PDE
PASS [P251-0211-same-ring-constant-curl-core] inner meridional velocity is the actual stream derivative
PASS [P251-0211-same-ring-constant-curl-core] inner axial vorticity is the actual radial circulation derivative
PASS [P251-0211-same-ring-constant-curl-core] full force-free swirl reaction satisfies the low-carrier pressure identity
PASS [P251-0211-same-ring-constant-curl-core] actual radial exterior-log border has the derived Bessel coefficient
PASS [P251-0211-same-ring-constant-curl-core] all-angular ground-state identity keeps its exact boundary term
PASS [P251-0211-same-ring-constant-curl-core] higher-angular correction is strictly positive for m at least two
PASS [P251-0211-same-ring-constant-curl-core] literal inner cylindrical curl identity, physical sign 1
PASS [P251-0211-same-ring-constant-curl-core] literal inner cylindrical curl identity, physical sign -1
PASS [P251-0211-same-ring-constant-curl-core] complete cylindrical velocity is divergence-free
PASS [P251-0211-same-ring-constant-curl-core] actual stream level is a material first integral
PASS [P251-0211-same-ring-constant-curl-core] full Green source factor produces the actual force-free PDE
PASS [P251-0211-same-ring-constant-curl-core] actual Lundquist transit ratio has its full quartic expansion
PASS [P251-0211-same-ring-constant-curl-core] section action differentiates to the actual velocity flux
PASS [P251-0211-same-ring-constant-curl-core] nonzero center twist is normalized by physical flux rather than area
PASS [P251-0211-same-ring-constant-curl-core] full finite-ring coarea identity keeps the R normalization
PASS [P251-0211-same-ring-constant-curl-core] physical core return ratio tends to lambda times radius over two
PASS [P251-0211-same-ring-constant-curl-core] a Galilean boost does not preserve a nonzero literal curl factor
ALL 24 CHECKS PASS [P251-0211-same-ring-constant-curl-core]
