PASS [P251-0223-first-pressure] the actual axial Bloch generator is exactly solenoidal 0
PASS [P251-0223-first-pressure] full pressure and the canonical Kelvin generator give the SAME Lin rate 0
PASS [P251-0223-first-pressure] the induced actual velocity retains three-dimensional divergence 0
PASS [P251-0223-first-pressure] the exact zero-wave field is the positive passive supplier 0
PASS [P251-0223-first-pressure] the actual axial generator develops the non-Doppler first jet 0
PASS [P251-0223-first-pressure] curling the FULL Lin operator gives the stated scalar pressure correction 0
PASS [P251-0223-first-pressure] the passive s+h=0 relation is not a finite-wave invariant 0
PASS [P251-0223-first-pressure] the defining full pressure gives the actual horizontal complement 0
PASS [P251-0223-first-pressure] the complement is genuinely nonzero and planar solenoidal 0
PASS [P251-0223-first-pressure] normal reflection protects the actual transverse mean 0
PASS [P251-0223-first-pressure] the actual axial Bloch generator is exactly solenoidal 1
PASS [P251-0223-first-pressure] full pressure and the canonical Kelvin generator give the SAME Lin rate 1
PASS [P251-0223-first-pressure] the induced actual velocity retains three-dimensional divergence 1
PASS [P251-0223-first-pressure] the exact zero-wave field is the positive passive supplier 1
PASS [P251-0223-first-pressure] the actual axial generator develops the non-Doppler first jet 1
PASS [P251-0223-first-pressure] curling the FULL Lin operator gives the stated scalar pressure correction 1
PASS [P251-0223-first-pressure] the passive s+h=0 relation is not a finite-wave invariant 1
PASS [P251-0223-first-pressure] the defining full pressure gives the actual horizontal complement 1
PASS [P251-0223-first-pressure] the complement is genuinely nonzero and planar solenoidal 1
PASS [P251-0223-first-pressure] normal reflection protects the actual transverse mean 1
PASS [P251-0223-first-pressure] the actual axial Bloch generator is exactly solenoidal 2
PASS [P251-0223-first-pressure] full pressure and the canonical Kelvin generator give the SAME Lin rate 2
PASS [P251-0223-first-pressure] the induced actual velocity retains three-dimensional divergence 2
PASS [P251-0223-first-pressure] the exact zero-wave field is the positive passive supplier 2
PASS [P251-0223-first-pressure] the actual axial generator develops the non-Doppler first jet 2
PASS [P251-0223-first-pressure] curling the FULL Lin operator gives the stated scalar pressure correction 2
PASS [P251-0223-first-pressure] the passive s+h=0 relation is not a finite-wave invariant 2
PASS [P251-0223-first-pressure] the defining full pressure gives the actual horizontal complement 2
PASS [P251-0223-first-pressure] the complement is genuinely nonzero and planar solenoidal 2
PASS [P251-0223-first-pressure] normal reflection protects the actual transverse mean 2
ALL 30 CHECKS PASS [P251-0223-first-pressure]
