PASS exact three-parcel centroid
PASS exact centroid momentum
PASS same kinetic split
PASS same cotangent split
PASS compact first moment has zero STF
PASS physical affine spin pairing
PASS Gamma affine KKS cancellation
PASS Bloch material velocity is exactly solenoidal
PASS Galilean tangent solves linearized Euler
PASS boost energy density has the full mass
PASS zero background mean
PASS isotropic actual covariance
PASS complete mean material macro gradient term
PASS material-orbit difference is retained
PASS signed nonzero canonical pullback equals KKS
PASS symplectic witness is rho not zero
PASS same canonical graph has exact Q energy
PASS same canonical graph has exact S energy
PASS complete joint Hamiltonian with all crosses
PASS full noncommuting macro momentum stationary equation
PASS full macro Schur action retains every mixed block
21/21 exact checks passed
