Command: PYTHONPATH=src /home/dan/substrate-framework/.venv/bin/python proposals/P251-cosserat-from-vortex-euler/attempts/0186/verify.py
Exit: 0
PASS [P251-0186-closed-ring-operator] complete ring Lie operator including pressure-induced velocity
PASS [P251-0186-closed-ring-operator] actual steady vorticity commutes with meridional flow
PASS [P251-0186-closed-ring-operator] toroidal harmonic retains both compact reaction terms
PASS [P251-0186-closed-ring-operator] transport shear is genuinely nilpotent
PASS [P251-0186-closed-ring-operator] full transport-band resolvent
PASS [P251-0186-closed-ring-operator] omitting the shear resolvent term is exposed
PASS [P251-0186-closed-ring-operator] all-poloidal definite-sign radial identity
PASS [P251-0186-closed-ring-operator] complete exterior pressure gives the correct negative DtN boundary flux
PASS [P251-0186-closed-ring-operator] carrier-to-radial-parameter Jacobian has a strict analytic margin
PASS [P251-0186-closed-ring-operator] exact whole-ring kernel distance
PASS [P251-0186-closed-ring-operator] exact elliptic reduction retains the cosine numerator
PASS [P251-0186-closed-ring-operator] physical streamfunction kernel carries both radial weights
PASS [P251-0186-closed-ring-operator] translation border determines the actual leading ring speed
PASS [P251-0186-closed-ring-operator] mass plus center fixes physical weighted circulation
PASS [P251-0186-closed-ring-operator] global outer pressure threshold stays positive to leading logarithm
PASS [P251-0186-closed-ring-operator] global ring velocity is exactly divergence free
PASS [P251-0186-closed-ring-operator] global ring has the actual streamfunction first integral
PASS [P251-0186-closed-ring-operator] full cylindrical curl normalization
PASS [P251-0186-closed-ring-operator] uniform-flow term solves the homogeneous streamfunction operator
PASS [P251-0186-closed-ring-operator] actual first integer-harmonic difference has the axial derivative limit
PASS [P251-0186-closed-ring-operator] actual second integer-harmonic difference has the second derivative limit
PASS [P251-0186-closed-ring-operator] both carrier differences keep periodic far-endpoint cancellation
PASS [P251-0186-closed-ring-operator] prepared physical TR average retains the real displacement moment
PASS [P251-0186-closed-ring-operator] full mechanical spin retains the even partner-connection row
PASS [P251-0186-closed-ring-operator] zero actual partner moment gives literal all-time current
PASS [P251-0186-closed-ring-operator] actual initial TR phase-form pullback precedes elimination
PASS [P251-0186-closed-ring-operator] actual initial TR energy pullback has the same positive mass
PASS [P251-0186-closed-ring-operator] tying both raw conjugate coordinates would wrongly erase the form
The verifier checks exact identities; analytic Fredholm, kernel bounds and bordered IFT are proved in the three companion files.
No numerical eigenvalue, imposed spectral splitting or empirical comparator enters this attempt.
ALL 28 CHECKS PASS [P251-0186-closed-ring-operator]
