WORKFLOW VALID: 271 claims, 271 accepted, 13 proposals, 4 skills; MIGRATION QUEUE: 218 units, 0 pending, 0 partial
  All 1066 file(s) valid.
MEMORY VALIDATION WARNINGS: 43 (run 'memory validate /tmp/substrate-particles/memory' for details)
Skill is valid!
........................................................................ [  2%]
........................................................................ [  5%]
........................................................................ [  8%]
........................................................................ [ 10%]
........................................................................ [ 13%]
........................................................................ [ 16%]
........................................................................ [ 18%]
........................................................................ [ 21%]
........................................................................ [ 24%]
........................................................................ [ 26%]
........................................................................ [ 29%]
........................................................................ [ 32%]
........................................................................ [ 34%]
........................................................................ [ 37%]
........................................................................ [ 40%]
........................................................................ [ 42%]
........................................................................ [ 45%]
........................................................................ [ 48%]
........................................................................ [ 50%]
........................................................................ [ 53%]
........................................................................ [ 56%]
........................................................................ [ 58%]
........................................................................ [ 61%]
........................................................................ [ 64%]
........................................................................ [ 67%]
........................................................................ [ 69%]
........................................................................ [ 72%]
........................................................................ [ 75%]
........................................................................ [ 77%]
........................................................................ [ 80%]
........................................................................ [ 83%]
........................................................................ [ 85%]
........................................................................ [ 88%]
........................................................................ [ 91%]
........................................................................ [ 93%]
........................................................................ [ 96%]
........................................................................ [ 99%]
.....................                                                    [100%]
2685 passed in 410.03s (0:06:50)
ALL REPOSITORY WORKFLOW CHECKS PASS (full pytest suite)
Validation mode: full
Reason: multiple framework modules added; sector boundary is uncertain
