Command: PYTHONPATH=src /home/dan/substrate-framework/.venv/bin/python proposals/P251-cosserat-from-vortex-euler/attempts/0181/verify.py
Exit: 0
PASS [P251-0181-stationary-nodal-mode] full radial pressure equation
PASS [P251-0181-stationary-nodal-mode] full three-dimensional divergence
PASS [P251-0181-stationary-nodal-mode] sum of actual horizontal displacement rows
PASS [P251-0181-stationary-nodal-mode] KKS radial norm before integration by parts
PASS [P251-0181-stationary-nodal-mode] complete determinant transformed without a dropped exterior term
PASS [P251-0181-stationary-nodal-mode] lab zero-frequency crossing is tau one
PASS [P251-0181-stationary-nodal-mode] transverse crossing derivative
PASS [P251-0181-stationary-nodal-mode] squared lab frequency has strictly positive curvature at a simple zero
PASS [P251-0181-stationary-nodal-mode] actual lab generator and KKS determine the Hamiltonian sign
PASS [P251-0181-stationary-nodal-mode] one-coordinate inertia derives by reaction elimination
PASS [P251-0181-stationary-nodal-mode] Cartesian shape row includes axial displacement
PASS [P251-0181-stationary-nodal-mode] Cartesian displacement moment includes both cross terms
PASS [P251-0181-stationary-nodal-mode] full mechanical spin has the material-position contribution
PASS [P251-0181-stationary-nodal-mode] zero axial-stretch moment gives the actual G identity
PASS [P251-0181-stationary-nodal-mode] same condition gives the actual all-time spin identity
PASS [P251-0181-stationary-nodal-mode] second carrier moment reduction follows the Bessel ODE
PASS [P251-0181-stationary-nodal-mode] positive two-node tag has a full three-row IFT Jacobian
PASS [P251-0181-stationary-nodal-mode] current constraints preserve a nonzero physical tilt
PASS [P251-0181-stationary-nodal-mode] fixed tag controls carrier zero, one and two with the actual pressure normalization
No numerical Bessel zero, fitted frequency, or discretized small eigenvalue enters these checks.
Analytic Sturm positivity and thin-annulus transfer are proved in nodal-domain-mode.md.
ALL 19 CHECKS PASS [P251-0181-stationary-nodal-mode]
