PASS [P251-0218-full-kelvin-sector] full induced axial and planar velocity 0
PASS [P251-0218-full-kelvin-sector] full Kelvin reconstruction has zero axial displacement rate 0
PASS [P251-0218-full-kelvin-sector] positive weight is NEGATIVE physical coadjoint Hessian 0
PASS [P251-0218-full-kelvin-sector] physical full Jacobi Hessian agrees with coadjoint form 0
PASS [P251-0218-full-kelvin-sector] nontrivial tested sector has strict negative physical energy 0
PASS [P251-0218-full-kelvin-sector] full induced axial and planar velocity 1
PASS [P251-0218-full-kelvin-sector] full Kelvin reconstruction has zero axial displacement rate 1
PASS [P251-0218-full-kelvin-sector] positive weight is NEGATIVE physical coadjoint Hessian 1
PASS [P251-0218-full-kelvin-sector] physical full Jacobi Hessian agrees with coadjoint form 1
PASS [P251-0218-full-kelvin-sector] nontrivial tested sector has strict negative physical energy 1
PASS [P251-0218-full-kelvin-sector] full induced axial and planar velocity 2
PASS [P251-0218-full-kelvin-sector] full Kelvin reconstruction has zero axial displacement rate 2
PASS [P251-0218-full-kelvin-sector] positive weight is NEGATIVE physical coadjoint Hessian 2
PASS [P251-0218-full-kelvin-sector] physical full Jacobi Hessian agrees with coadjoint form 2
PASS [P251-0218-full-kelvin-sector] nontrivial tested sector has strict negative physical energy 2
PASS [P251-0218-full-kelvin-sector] complete Kelvin phase has opposite sign from homogeneous-label phase
PASS [P251-0218-full-kelvin-sector] actual high-stream data can force a nonzero first vorticity shell
PASS [P251-0218-full-kelvin-sector] first shell has zero positive energy weight rather than being inverted
PASS [P251-0218-full-kelvin-sector] dropping full elliptic reaction changes actual Euler generator
ALL 19 CHECKS PASS [P251-0218-full-kelvin-sector]
