PASS [P251-0206-low-ring-action-and-current] actual Euclidean action conserves transverse impulse
PASS [P251-0206-low-ring-action-and-current] angular-impulse gyro is retained in the full X reconstruction
PASS [P251-0206-low-ring-action-and-current] angular-impulse gyro is retained in the full Y reconstruction
PASS [P251-0206-low-ring-action-and-current] on actual conserved phases the same action gives the tilted-ring drift
PASS [P251-0206-low-ring-action-and-current] exact Euclidean suborbit is nondegenerate with nonzero swirl
PASS [P251-0206-low-ring-action-and-current] physical orientation/momentum KKS determinant keeps its I0 scale
PASS [P251-0206-low-ring-action-and-current] rigid tilt/translation is an actual Jordan pair, not a spurious oscillator
PASS [P251-0206-low-ring-action-and-current] actual covariance normal has unit rigid-rotation response
PASS [P251-0206-low-ring-action-and-current] circular in-plane covariance cannot supply a nonzero angle gap
PASS [P251-0206-low-ring-action-and-current] actual length second variation includes both bending directions
PASS [P251-0206-low-ring-action-and-current] translating-frame impulse cancels the first variation
PASS [P251-0206-low-ring-action-and-current] complete second variation retains the indispensable negative q squared
PASS [P251-0206-low-ring-action-and-current] omitting actual impulse changes the translation Hessian
PASS [P251-0206-low-ring-action-and-current] actual filament KKS orientation fixes the q-z sign
PASS [P251-0206-low-ring-action-and-current] derived restricted bending frequency has the full n squared minus one
PASS [P251-0206-low-ring-action-and-current] n=1 has the correct symmetry-protected zero eigenvalue
PASS [P251-0206-low-ring-action-and-current] n=2 has two positive leading stiffness coefficients
PASS [P251-0206-low-ring-action-and-current] actual global vector selection at toroidal n=1
PASS [P251-0206-low-ring-action-and-current] actual global vector selection at toroidal n=2
PASS [P251-0206-low-ring-action-and-current] actual global vector selection at toroidal n=3
PASS [P251-0206-low-ring-action-and-current] nonrigid n=2 has a literal Euclidean quadrupole amplitude
PASS [P251-0206-low-ring-action-and-current] slow azimuthal equation retains the exact advected mode
PASS [P251-0206-low-ring-action-and-current] slow axial equation retains pressure and axial shear
PASS [P251-0206-low-ring-action-and-current] slow integral radial return is actual incompressibility
PASS [P251-0206-low-ring-action-and-current] slow radial pressure reproduces the actual zero-carrier Sturm problem
PASS [P251-0206-low-ring-action-and-current] radial return kernel has a finite exact Hilbert-Schmidt norm
PASS [P251-0206-low-ring-action-and-current] pressure Volterra kernel also has a finite weighted norm
PASS [P251-0206-low-ring-action-and-current] actual finite moment matrix defines an idempotent Euclidean projection
PASS [P251-0206-low-ring-action-and-current] the exact complementary projection is symplectically orthogonal
PASS [P251-0206-low-ring-action-and-current] full eliminated pressure block has the stated Schur term
PASS [P251-0206-low-ring-action-and-current] dropping the complement really changes the response determinant
ALL 31 CHECKS PASS [P251-0206-low-ring-action-and-current]
